> CastGuid()
CastGuid() : G
BndKind:Default, Type:G, Bnd:(dflt<G>)
Func sig: () to G
Type: Guid, Value: 00000000-0000-0000-0000-000000000000
###
> CastGuid("")
CastGuid("") : G
BndKind:Call, Type:G, Bnd:(Call(∂.CastGuid(str()):G))
Func sig: () to G
Type: Guid, Value: 00000000-0000-0000-0000-000000000000
###
> CastGuid("    ")
CastGuid("    ") : G
BndKind:Call, Type:G, Bnd:(Call(∂.CastGuid(str(    )):G))
Func sig: () to G
Type: Guid, Value: 00000000-0000-0000-0000-000000000000
###
> CastGuid("835d1bb3-bb06-4c8c-816f-ed27dfbd2854")
CastGuid("835d1bb3-bb06-4c8c-816f-ed27dfbd2854") : G
BndKind:Call, Type:G, Bnd:(Call(∂.CastGuid(str(835d1bb3-bb06-4c8c-816f-ed27dfbd2854)):G))
Func sig: () to G
Type: Guid, Value: 835d1bb3-bb06-4c8c-816f-ed27dfbd2854
###
> CastGuid("835D1BB3-BB06-4C8C-816F-ED27DFBD2854")
CastGuid("835D1BB3-BB06-4C8C-816F-ED27DFBD2854") : G
BndKind:Call, Type:G, Bnd:(Call(∂.CastGuid(str(835D1BB3-BB06-4C8C-816F-ED27DFBD2854)):G))
Func sig: () to G
Type: Guid, Value: 835d1bb3-bb06-4c8c-816f-ed27dfbd2854
###
> CastGuid("{835D1BB3-BB06-4C8C-816F-ED27DFBD2854}")
CastGuid("{835D1BB3-BB06-4C8C-816F-ED27DFBD2854}") : G
BndKind:Call, Type:G, Bnd:(Call(∂.CastGuid(str({835D1BB3-BB06-4C8C-816F-ED27DFBD2854})):G))
Func sig: () to G
Type: Guid, Value: 835d1bb3-bb06-4c8c-816f-ed27dfbd2854
###
> CastGuid("(835D1BB3-BB06-4C8C-816F-ED27DFBD2854)")
CastGuid("(835D1BB3-BB06-4C8C-816F-ED27DFBD2854)") : G
BndKind:Call, Type:G, Bnd:(Call(∂.CastGuid(str((835D1BB3-BB06-4C8C-816F-ED27DFBD2854))):G))
Func sig: () to G
Type: Guid, Value: 835d1bb3-bb06-4c8c-816f-ed27dfbd2854
###
> CastGuid("835d1bb3bb064c8c816fed27dfbd2854")
CastGuid("835d1bb3bb064c8c816fed27dfbd2854") : G
BndKind:Call, Type:G, Bnd:(Call(∂.CastGuid(str(835d1bb3bb064c8c816fed27dfbd2854)):G))
Func sig: () to G
Type: Guid, Value: 835d1bb3-bb06-4c8c-816f-ed27dfbd2854
###
> CastGuid("835D1BB3BB064C8C816FED27DFBD2854")
CastGuid("835D1BB3BB064C8C816FED27DFBD2854") : G
BndKind:Call, Type:G, Bnd:(Call(∂.CastGuid(str(835D1BB3BB064C8C816FED27DFBD2854)):G))
Func sig: () to G
Type: Guid, Value: 835d1bb3-bb06-4c8c-816f-ed27dfbd2854
###
> CastGuid("{0x835d1bb3,0xbb06,0x4c8c,{0x81,0x6f,0xed,0x27,0xdf,0xbd,0x28,0x54}}")
CastGuid("{0x835d1bb3,0xbb06,0x4c8c,{0x81,0x6f,0xed,0x27,0xdf,0xbd,0x28,0x54}}") : G
BndKind:Call, Type:G, Bnd:(Call(∂.CastGuid(str({0x835d1bb3,0xbb06,0x4c8c,{0x81,0x6f,0xed,0x27,0xdf,0xbd,0x28,0x54}})):G))
Func sig: () to G
Type: Guid, Value: 835d1bb3-bb06-4c8c-816f-ed27dfbd2854
###
> CastGuid("00000000-0000-0000-0000-000000000000")
CastGuid("00000000-0000-0000-0000-000000000000") : G
BndKind:Call, Type:G, Bnd:(Call(∂.CastGuid(str(00000000-0000-0000-0000-000000000000)):G))
Func sig: () to G
Type: Guid, Value: 00000000-0000-0000-0000-000000000000
###
> CastGuid("00000000000000000000000000000000")
CastGuid("00000000000000000000000000000000") : G
BndKind:Call, Type:G, Bnd:(Call(∂.CastGuid(str(00000000000000000000000000000000)):G))
Func sig: () to G
Type: Guid, Value: 00000000-0000-0000-0000-000000000000
###
> CastGuid("invalidc-hars-4c8c-816f-ed27dfbd2854")
CastGuid("invalidc-hars-4c8c-816f-ed27dfbd2854") : G
BndKind:Call, Type:G, Bnd:(Call(∂.CastGuid(str(invalidc-hars-4c8c-816f-ed27dfbd2854)):G))
Func sig: () to G
Type: Guid, Value: 00000000-0000-0000-0000-000000000000
###
> CastGuid("invalidlength-4c8c-4c8c-816f-ed27dfbd2854")
CastGuid("invalidlength-4c8c-4c8c-816f-ed27dfbd2854") : G
BndKind:Call, Type:G, Bnd:(Call(∂.CastGuid(str(invalidlength-4c8c-4c8c-816f-ed27dfbd2854)):G))
Func sig: () to G
Type: Guid, Value: 00000000-0000-0000-0000-000000000000
###
> CastGuid("invalid-leng-th8c-816f-ed27dfbd2854")
CastGuid("invalid-leng-th8c-816f-ed27dfbd2854") : G
BndKind:Call, Type:G, Bnd:(Call(∂.CastGuid(str(invalid-leng-th8c-816f-ed27dfbd2854)):G))
Func sig: () to G
Type: Guid, Value: 00000000-0000-0000-0000-000000000000
###
> CastGuid("invalid-leng-th")
CastGuid("invalid-leng-th") : G
BndKind:Call, Type:G, Bnd:(Call(∂.CastGuid(str(invalid-leng-th)):G))
Func sig: () to G
Type: Guid, Value: 00000000-0000-0000-0000-000000000000
###
> ToGuid("")
ToGuid("") : G?
BndKind:Call, Type:G?, Bnd:(Call(∂.ToGuid(str()):G?))
Func sig: () to G?
Type: <null>, Value: <null>
###
> ToGuid("835d1bb3-bb06-4c8c-816f-ed27dfbd2854")
ToGuid("835d1bb3-bb06-4c8c-816f-ed27dfbd2854") : G?
BndKind:Call, Type:G?, Bnd:(Call(∂.ToGuid(str(835d1bb3-bb06-4c8c-816f-ed27dfbd2854)):G?))
Func sig: () to G?
Type: Guid, Value: 835d1bb3-bb06-4c8c-816f-ed27dfbd2854
###
> ToGuid("835D1BB3-BB06-4C8C-816F-ED27DFBD2854")
ToGuid("835D1BB3-BB06-4C8C-816F-ED27DFBD2854") : G?
BndKind:Call, Type:G?, Bnd:(Call(∂.ToGuid(str(835D1BB3-BB06-4C8C-816F-ED27DFBD2854)):G?))
Func sig: () to G?
Type: Guid, Value: 835d1bb3-bb06-4c8c-816f-ed27dfbd2854
###
> ToGuid("{835D1BB3-BB06-4C8C-816F-ED27DFBD2854}")
ToGuid("{835D1BB3-BB06-4C8C-816F-ED27DFBD2854}") : G?
BndKind:Call, Type:G?, Bnd:(Call(∂.ToGuid(str({835D1BB3-BB06-4C8C-816F-ED27DFBD2854})):G?))
Func sig: () to G?
Type: Guid, Value: 835d1bb3-bb06-4c8c-816f-ed27dfbd2854
###
> ToGuid("(835D1BB3-BB06-4C8C-816F-ED27DFBD2854)")
ToGuid("(835D1BB3-BB06-4C8C-816F-ED27DFBD2854)") : G?
BndKind:Call, Type:G?, Bnd:(Call(∂.ToGuid(str((835D1BB3-BB06-4C8C-816F-ED27DFBD2854))):G?))
Func sig: () to G?
Type: Guid, Value: 835d1bb3-bb06-4c8c-816f-ed27dfbd2854
###
> ToGuid("835d1bb3bb064c8c816fed27dfbd2854")
ToGuid("835d1bb3bb064c8c816fed27dfbd2854") : G?
BndKind:Call, Type:G?, Bnd:(Call(∂.ToGuid(str(835d1bb3bb064c8c816fed27dfbd2854)):G?))
Func sig: () to G?
Type: Guid, Value: 835d1bb3-bb06-4c8c-816f-ed27dfbd2854
###
> ToGuid("835D1BB3BB064C8C816FED27DFBD2854")
ToGuid("835D1BB3BB064C8C816FED27DFBD2854") : G?
BndKind:Call, Type:G?, Bnd:(Call(∂.ToGuid(str(835D1BB3BB064C8C816FED27DFBD2854)):G?))
Func sig: () to G?
Type: Guid, Value: 835d1bb3-bb06-4c8c-816f-ed27dfbd2854
###
> ToGuid("{0x835d1bb3,0xbb06,0x4c8c,{0x81,0x6f,0xed,0x27,0xdf,0xbd,0x28,0x54}}")
ToGuid("{0x835d1bb3,0xbb06,0x4c8c,{0x81,0x6f,0xed,0x27,0xdf,0xbd,0x28,0x54}}") : G?
BndKind:Call, Type:G?, Bnd:(Call(∂.ToGuid(str({0x835d1bb3,0xbb06,0x4c8c,{0x81,0x6f,0xed,0x27,0xdf,0xbd,0x28,0x54}})):G?))
Func sig: () to G?
Type: Guid, Value: 835d1bb3-bb06-4c8c-816f-ed27dfbd2854
###
> ToGuid("00000000-0000-0000-0000-000000000000")
ToGuid("00000000-0000-0000-0000-000000000000") : G?
BndKind:Call, Type:G?, Bnd:(Call(∂.ToGuid(str(00000000-0000-0000-0000-000000000000)):G?))
Func sig: () to G?
Type: Guid, Value: 00000000-0000-0000-0000-000000000000
###
> ToGuid("00000000000000000000000000000000")
ToGuid("00000000000000000000000000000000") : G?
BndKind:Call, Type:G?, Bnd:(Call(∂.ToGuid(str(00000000000000000000000000000000)):G?))
Func sig: () to G?
Type: Guid, Value: 00000000-0000-0000-0000-000000000000
###
> ToGuid("invalidc-hars-4c8c-816f-ed27dfbd2854")
ToGuid("invalidc-hars-4c8c-816f-ed27dfbd2854") : G?
BndKind:Call, Type:G?, Bnd:(Call(∂.ToGuid(str(invalidc-hars-4c8c-816f-ed27dfbd2854)):G?))
Func sig: () to G?
Type: <null>, Value: <null>
###
> ToGuid("invalidlength-4c8c-4c8c-816f-ed27dfbd2854")
ToGuid("invalidlength-4c8c-4c8c-816f-ed27dfbd2854") : G?
BndKind:Call, Type:G?, Bnd:(Call(∂.ToGuid(str(invalidlength-4c8c-4c8c-816f-ed27dfbd2854)):G?))
Func sig: () to G?
Type: <null>, Value: <null>
###
> ToGuid("invalid-leng-th8c-816f-ed27dfbd2854")
ToGuid("invalid-leng-th8c-816f-ed27dfbd2854") : G?
BndKind:Call, Type:G?, Bnd:(Call(∂.ToGuid(str(invalid-leng-th8c-816f-ed27dfbd2854)):G?))
Func sig: () to G?
Type: <null>, Value: <null>
###
> ToGuid("invalid-leng-th")
ToGuid("invalid-leng-th") : G?
BndKind:Call, Type:G?, Bnd:(Call(∂.ToGuid(str(invalid-leng-th)):G?))
Func sig: () to G?
Type: <null>, Value: <null>
###
